// Jest Snapshot v1, https://goo.gl/fbAQLP

exports[`renders without crashing 1`] = `
<div
  className="Login"
>
  <form
    onSubmit={[Function]}
  >
    <div
      className="form-group"
    >
      <label>
        Email
      </label>
      <input
        autoFocus={true}
        className="form-control"
        id="authEmail"
        onChange={[Function]}
        placeholder="Email addres"
        type="email"
      />
    </div>
    <div
      className="form-group"
    >
      <label>
        Password
      </label>
      <input
        className="form-control"
        id="authPassword"
        onChange={[Function]}
        placeholder="Email addres"
        type="password"
      />
    </div>
    <button
      className="btn btn-primary btn-block"
      disabled={true}
      type="submit"
    >
      Login
    </button>
    <a
      className="link-login"
      href="/sign_up"
      onClick={[Function]}
    >
      Don't have account?
    </a>
  </form>
</div>
`;

exports[`renders without crashing 2`] = `
<div
  className="Login"
>
  <form
    onSubmit={[Function]}
  >
    <div
      className="form-group"
    >
      <label>
        Email
      </label>
      <input
        autoFocus={true}
        className="form-control"
        id="authEmail"
        onChange={[Function]}
        placeholder="Email addres"
        type="email"
      />
    </div>
    <div
      className="form-group"
    >
      <label>
        Password
      </label>
      <input
        className="form-control"
        id="authPassword"
        onChange={[Function]}
        placeholder="Email addres"
        type="password"
      />
    </div>
    <button
      className="btn btn-primary btn-block"
      disabled={true}
      type="submit"
    >
      Login
    </button>
    <a
      className="link-login"
      href="/sign_up"
      onClick={[Function]}
    >
      Don't have account?
    </a>
  </form>
</div>
`;
