// Jest Snapshot v1, https://goo.gl/fbAQLP

exports[`renders without crashing 1`] = `
<div
  className="Login"
>
  <form
    onSubmit={[Function]}
  >
    <div
      className="form-group"
    >
      <label>
        Email
      </label>
      <input
        autoFocus={true}
        className="form-control"
        id="authEmail"
        onChange={[Function]}
        placeholder="Email addres"
        type="email"
      />
    </div>
    <div
      className="form-group"
    >
      <label>
        Password
      </label>
      <input
        className="form-control"
        id="authPassword"
        onChange={[Function]}
        placeholder="Password"
        type="password"
      />
    </div>
    <div
      className="form-group"
    >
      <label>
        Password confirmation
      </label>
      <input
        className="form-control"
        id="authPasswordConfirmation"
        onChange={[Function]}
        placeholder="Password confirmation"
        type="password"
      />
    </div>
    <button
      className="btn btn-primary btn-block"
      disabled={true}
      type="submit"
    >
      Sign Up
    </button>
    <a
      className="link-login"
      href="/login"
      onClick={[Function]}
    >
      Want to login
    </a>
  </form>
</div>
`;
